Microchip MPLAB XC8 Compiler V2.32

Linker command line:

-W-3 --edf=C:\Program Files\Microchip\xc8\v2.32\pic\dat\en_msgs.txt -cn \
  -h+dist/default/production\Level_Control.X.production.sym \
  --cmf=dist/default/production\Level_Control.X.production.cmf -z -Q18F4520 \
  -oC:\Users\BRUNOM~1\AppData\Local\Temp\xcAskkc.4 --defsym=__MPLAB_BUILD=1 \
  -Mdist/default/production/Level_Control.X.production.map -E1 \
  -ver=XC8 Compiler --acfsm=1493 -ASTACK=080h-05FFh -pstack=STACK \
  -ACODE=00h-07FFFh -ACONST=00h-07FFFh -ASMALLCONST=0600h-06FFhx122 \
  -AMEDIUMCONST=0600h-07FFFh -ACOMRAM=01h-07Fh -AABS1=00h-05FFh \
  -ABIGRAM=01h-05FFh -ARAM=080h-0FFh,0100h-01FFhx5 -ABANK0=080h-0FFh \
  -ABANK1=0100h-01FFh -ABANK2=0200h-02FFh -ABANK3=0300h-03FFh \
  -ABANK4=0400h-04FFh -ABANK5=0500h-05FFh -ASFR=0F80h-0FFFh \
  -ACONFIG=0300000h-030000Dh -AIDLOC=0200000h-0200007h \
  -AEEDATA=0F00000h-0F000FFh -peeprom_data=EEDATA \
  -preset_vec=00h,intcode,intcodelo,powerup,init -pramtop=0600h \
  -psmallconst=SMALLCONST -pmediumconst=MEDIUMCONST -pconst=CONST \
  -AFARRAM=00h-00h \
  -prdata=COMRAM,nvrram=COMRAM,nvbit=COMRAM,rbss=COMRAM,rbit=COMRAM \
  -pfarbss=FARRAM,fardata=FARRAM,nvFARRAM=FARRAM \
  -pintsave_regs=BIGRAM,bigbss=BIGRAM,bigdata=BIGRAM -pbss=RAM \
  -pidata=CODE,irdata=CODE,ibigdata=CODE,ifardata=CODE -prparam=COMRAM \
  C:\Users\BRUNOM~1\AppData\Local\Temp\xcAskkc.o \
  dist/default/production\Level_Control.X.production.o 

Object code version is 3.11

Machine type is 18F4520



                Name                               Link     Load   Length Selector   Space Scale
C:\Users\BRUNOM~1\AppData\Local\Temp\xcAskkc.o
                idloc                            200000   200000        8        0       5
                config                           300000   300000        E        0       4
                init                                  0        0        4        0       0
dist/default/production\Level_Control.X.production.o
                idloc                            200000   200000        8        0       5
                config                           300000   300000        E        0       4
                text12                             6FF8     6FF8        E     37FC       0
                text11                             6FE4     6FE4        A     37F2       0
                text10                             6FEE     6FEE        A     37F7       0
                text9                              70EA     70EA       AA     3875       0
                text8                              7194     7194      104     38CA       0
                text7                              7638     7638      204     3B1C       0
                text6                              744C     744C      1EC     3A26       0
                text5                              703C     703C       32     381E       0
                text4                              783C     783C      39A     3C1E       0
                text3                              7BD6     7BD6      42A     3DEB       0
                text2                              7298     7298      1B4     394C       0
                text1                              706E     706E       7C     3837       0
                text0                              7018     7018       24     380C       0
                cstackCOMRAM                          1        1       27        1       1
                bssCOMRAM                            28       28        C        1       1
                cinit                              7006     7006       12     3803       0

TOTAL           Name                               Link     Load   Length     Space
        CLASS   STACK          

        CLASS   CODE           
                init                                  0        0        4         0
                text12                             6FF8     6FF8        E         0
                text11                             6FE4     6FE4        A         0
                text10                             6FEE     6FEE        A         0
                text9                              70EA     70EA       AA         0
                text8                              7194     7194      104         0
                text7                              7638     7638      204         0
                text6                              744C     744C      1EC         0
                text5                              703C     703C       32         0
                text4                              783C     783C      39A         0
                text3                              7BD6     7BD6      42A         0
                text2                              7298     7298      1B4         0
                text1                              706E     706E       7C         0
                text0                              7018     7018       24         0
                cinit                              7006     7006       12         0

        CLASS   CONST          

        CLASS   SMALLCONST     

        CLASS   MEDIUMCONST    

        CLASS   COMRAM         
                cstackCOMRAM                          1        1       27         1
                bssCOMRAM                            28       28        C         1

        CLASS   ABS1           

        CLASS   BIGRAM         

        CLASS   RAM            

        CLASS   BANK0          

        CLASS   BANK1          

        CLASS   BANK2          

        CLASS   BANK3          

        CLASS   BANK4          

        CLASS   BANK5          

        CLASS   SFR            

        CLASS   CONFIG         
                config                           300000   300000        E         4

        CLASS   IDLOC          
                idloc                            200000   200000        8         5

        CLASS   EEDATA         

        CLASS   FARRAM         



SEGMENTS        Name                           Load    Length   Top    Selector   Space  Class

                reset_vec                      000000  000004  000004         0       0  CODE    
                cstackCOMRAM                   000001  000033  000034         1       1  COMRAM  
                text11                         006FE4  00000A  006FEE      37F2       0  CODE    
                text10                         006FEE  00000A  006FF8      37F7       0  CODE    
                text12                         006FF8  00000E  007006      37FC       0  CODE    
                cinit                          007006  000012  007018      3803       0  CODE    
                text0                          007018  000024  00703C      380C       0  CODE    
                text5                          00703C  000032  00706E      381E       0  CODE    
                text1                          00706E  00007C  0070EA      3837       0  CODE    
                text9                          0070EA  0000AA  007194      3875       0  CODE    
                text8                          007194  000104  007298      38CA       0  CODE    
                text2                          007298  0001B4  00744C      394C       0  CODE    
                text6                          00744C  0001EC  007638      3A26       0  CODE    
                text7                          007638  000204  00783C      3B1C       0  CODE    
                text4                          00783C  00039A  007BD6      3C1E       0  CODE    
                text3                          007BD6  00042A  008000      3DEB       0  CODE    


UNUSED ADDRESS RANGES

        Name                Unused          Largest block    Delta
        BANK0            000080-0000FF               80
        BANK1            000100-0001FF              100
        BANK2            000200-0002FF              100
        BANK3            000300-0003FF              100
        BANK4            000400-0004FF              100
        BANK5            000500-0005FF              100
        BIGRAM           000034-0005FF              5CC
        CODE             000004-006FE3             6FE0
        COMRAM           000034-00007F               4C
        CONST            000004-006FE3             6FE0
        EEDATA           F00000-F000FF              100
        MEDIUMCONST      000600-006FE3             69E4
        RAM              000080-0005FF              100
        SFR              000F80-000FFF               80
        SMALLCONST       000600-006FE3              100
        STACK            000080-0005FF              580

                                  Symbol Table

?___fldiv                 cstackCOMRAM 000001
?___flmul                 cstackCOMRAM 00000F
?___xxtofl                cstackCOMRAM 000001
_ADCON0                   (abs)        000FC2
_ADCON0bits               (abs)        000FC2
_ADCON1                   (abs)        000FC1
_ADCON2                   (abs)        000FC0
_ADRESH                   (abs)        000FC4
_ADRESL                   (abs)        000FC3
_Level_AN0                bssCOMRAM    000028
_Level_Loop               bssCOMRAM    000030
_OSCCON                   (abs)        000FD3
_OSCTUNE                  (abs)        000F9B
_PORTC                    (abs)        000F82
_PORTCbits                (abs)        000F82
_TRISC                    (abs)        000F94
_VdigADC_AN0              bssCOMRAM    000032
_Voltage_AN0              bssCOMRAM    00002C
__HRAM                    (abs)        000000
__Habs1                   abs1         000000
__Hbank0                  bank0        000000
__Hbank1                  bank1        000000
__Hbank2                  bank2        000000
__Hbank3                  bank3        000000
__Hbank4                  bank4        000000
__Hbank5                  bank5        000000
__Hbigbss                 bigbss       000000
__Hbigdata                bigdata      000000
__Hbigram                 bigram       000000
__Hbss                    bss          000000
__HbssCOMRAM              bssCOMRAM    000000
__Hcinit                  cinit        000000
__Hclrtext                clrtext      000000
__Hcomram                 comram       000000
__Hconfig                 config       30000E
__Hconst                  const        000000
__HcstackCOMRAM           cstackCOMRAM 000000
__Hdata                   data         000000
__Heeprom_data            eeprom_data  000000
__Hfarbss                 farbss       000000
__Hfardata                fardata      000000
__Hibigdata               ibigdata     000000
__Hidata                  idata        000000
__Hidloc                  idloc        200008
__Hifardata               ifardata     000000
__Hinit                   init         000004
__Hintcode                intcode      000000
__Hintcode_body           intcode_body 000000
__Hintcodelo              intcodelo    000000
__Hintentry               intentry     000000
__Hintret                 intret       000000
__Hintsave_regs           intsave_regs 000000
__Hirdata                 irdata       000000
__Hmediumconst            mediumconst  000000
__HnvFARRAM               nvFARRAM     000000
__Hnvbit                  nvbit        000000
__Hnvrram                 nvrram       000000
__Hparam                  rparam       000000
__Hpowerup                powerup      000000
__Hram                    ram          000000
__Hramtop                 ramtop       000600
__Hrbit                   rbit         000000
__Hrbss                   rbss         000000
__Hrdata                  rdata        000000
__Hreset_vec              reset_vec    000000
__Hrparam                 rparam       000000
__Hsfr                    sfr          000000
__Hsmallconst             smallconst   000000
__Hspace_0                (abs)        008000
__Hspace_1                (abs)        000034
__Hspace_2                (abs)        000000
__Hspace_4                (abs)        60000E
__Hstack                  stack        000000
__Hstruct                 struct       000000
__Htemp                   temp         000000
__Htext                   text         000000
__Htext0                  text0        000000
__Htext1                  text1        000000
__Htext10                 text10       000000
__Htext11                 text11       000000
__Htext12                 text12       000000
__Htext2                  text2        000000
__Htext3                  text3        000000
__Htext4                  text4        000000
__Htext5                  text5        000000
__Htext6                  text6        000000
__Htext7                  text7        000000
__Htext8                  text8        000000
__Htext9                  text9        000000
__LRAM                    (abs)        000001
__Labs1                   abs1         000000
__Lbank0                  bank0        000000
__Lbank1                  bank1        000000
__Lbank2                  bank2        000000
__Lbank3                  bank3        000000
__Lbank4                  bank4        000000
__Lbank5                  bank5        000000
__Lbigbss                 bigbss       000000
__Lbigdata                bigdata      000000
__Lbigram                 bigram       000000
__Lbss                    bss          000000
__LbssCOMRAM              bssCOMRAM    000000
__Lcinit                  cinit        000000
__Lclrtext                clrtext      000000
__Lcomram                 comram       000000
__Lconfig                 config       000000
__Lconst                  const        000000
__LcstackCOMRAM           cstackCOMRAM 000000
__Ldata                   data         000000
__Leeprom_data            eeprom_data  000000
__Lfarbss                 farbss       000000
__Lfardata                fardata      000000
__Libigdata               ibigdata     000000
__Lidata                  idata        000000
__Lidloc                  idloc        000000
__Lifardata               ifardata     000000
__Linit                   init         000000
__Lintcode                intcode      000000
__Lintcode_body           intcode_body 000000
__Lintcodelo              intcodelo    000000
__Lintentry               intentry     000000
__Lintret                 intret       000000
__Lintsave_regs           intsave_regs 000000
__Lirdata                 irdata       000000
__Lmediumconst            mediumconst  000000
__LnvFARRAM               nvFARRAM     000000
__Lnvbit                  nvbit        000000
__Lnvrram                 nvrram       000000
__Lparam                  rparam       000000
__Lpowerup                powerup      000000
__Lram                    ram          000000
__Lramtop                 ramtop       000600
__Lrbit                   rbit         000000
__Lrbss                   rbss         000000
__Lrdata                  rdata        000000
__Lreset_vec              reset_vec    000000
__Lrparam                 rparam       000000
__Lsfr                    sfr          000000
__Lsmallconst             smallconst   000000
__Lspace_0                (abs)        000000
__Lspace_1                (abs)        000000
__Lspace_2                (abs)        000000
__Lspace_4                (abs)        000000
__Lstack                  stack        000000
__Lstruct                 struct       000000
__Ltemp                   temp         000000
__Ltext                   text         000000
__Ltext0                  text0        000000
__Ltext1                  text1        000000
__Ltext10                 text10       000000
__Ltext11                 text11       000000
__Ltext12                 text12       000000
__Ltext2                  text2        000000
__Ltext3                  text3        000000
__Ltext4                  text4        000000
__Ltext5                  text5        000000
__Ltext6                  text6        000000
__Ltext7                  text7        000000
__Ltext8                  text8        000000
__Ltext9                  text9        000000
__S0                      (abs)        008000
__S1                      (abs)        000034
__S2                      (abs)        000000
__S4                      (abs)        000000
__S5                      (abs)        000000
___fldiv                  text4        00783C
___fldiv@a                cstackCOMRAM 000005
___fldiv@aexp             cstackCOMRAM 000019
___fldiv@b                cstackCOMRAM 000001
___fldiv@bexp             cstackCOMRAM 000018
___fldiv@grs              cstackCOMRAM 000014
___fldiv@new_exp          cstackCOMRAM 000012
___fldiv@rem              cstackCOMRAM 00000D
___fldiv@sign             cstackCOMRAM 000011
___fleq                   text9        0070EA
___fleq@ff1               cstackCOMRAM 000001
___fleq@ff2               cstackCOMRAM 000005
___flge                   text8        007194
___flge@ff1               cstackCOMRAM 000001
___flge@ff2               cstackCOMRAM 000005
___flmul                  text3        007BD6
___flmul@a                cstackCOMRAM 000013
___flmul@aexp             cstackCOMRAM 000020
___flmul@b                cstackCOMRAM 00000F
___flmul@bexp             cstackCOMRAM 000021
___flmul@grs              cstackCOMRAM 00001C
___flmul@prod             cstackCOMRAM 000022
___flmul@sign             cstackCOMRAM 00001B
___flmul@temp             cstackCOMRAM 000026
___inthi_sp               stack        000000
___intlo_sp               stack        000000
___param_bank             (abs)        000000
___rparam_used            (abs)        000001
___sp                     stack        000000
___xxtofl                 text2        007298
___xxtofl@arg             cstackCOMRAM 00000B
___xxtofl@exp             cstackCOMRAM 00000A
___xxtofl@sign            cstackCOMRAM 000009
___xxtofl@val             cstackCOMRAM 000001
__accesstop               (abs)        000080
__activetblptr            (abs)        000000
__end_of___fldiv          text4        007BD6
__end_of___fleq           text9        007194
__end_of___flge           text8        007298
__end_of___flmul          text3        008000
__end_of___xxtofl         text2        00744C
__end_of__initialization  cinit        007012
__end_of_config_ADC       text12       007006
__end_of_config_FOSC      text11       006FEE
__end_of_config_IO        text10       006FF8
__end_of_control_HIGH     text7        00783C
__end_of_control_LOW      text6        007638
__end_of_conv_AN0         text5        00706E
__end_of_equation_SENSOR  text1        0070EA
__end_of_main             text0        00703C
__initialization          cinit        007006
__mediumconst             mediumconst  000000
__pbssCOMRAM              bssCOMRAM    000028
__pcinit                  cinit        007006
__pcstackCOMRAM           cstackCOMRAM 000001
__ptext0                  text0        007018
__ptext1                  text1        00706E
__ptext10                 text10       006FEE
__ptext11                 text11       006FE4
__ptext12                 text12       006FF8
__ptext2                  text2        007298
__ptext3                  text3        007BD6
__ptext4                  text4        00783C
__ptext5                  text5        00703C
__ptext6                  text6        00744C
__ptext7                  text7        007638
__ptext8                  text8        007194
__ptext9                  text9        0070EA
__ramtop                  ramtop       000600
__size_of___fldiv         (abs)        000000
__size_of___fleq          (abs)        000000
__size_of___flge          (abs)        000000
__size_of___flmul         (abs)        000000
__size_of___xxtofl        (abs)        000000
__size_of_config_ADC      (abs)        000000
__size_of_config_FOSC     (abs)        000000
__size_of_config_IO       (abs)        000000
__size_of_control_HIGH    (abs)        000000
__size_of_control_LOW     (abs)        000000
__size_of_conv_AN0        (abs)        000000
__size_of_equation_SENSOR (abs)        000000
__size_of_main            (abs)        000000
__smallconst              smallconst   000000
_config_ADC               text12       006FF8
_config_FOSC              text11       006FE4
_config_IO                text10       006FEE
_control_HIGH             text7        007638
_control_LOW              text6        00744C
_conv_AN0                 text5        00703C
_equation_SENSOR          text1        00706E
_main                     text0        007018
end_of_initialization     cinit        007012
intlevel0                 text         000000
intlevel1                 text         000000
intlevel2                 text         000000
intlevel3                 text         000000
isa$std                   (abs)        000001
isa$xinst                 (abs)        000000
stackhi                   (abs)        0005FF
stacklo                   (abs)        000080
start                     init         000000
start_initialization      cinit        007006


MODULE INFORMATION

Module		Function		Class		Link	Load	Size
Level_Control_main.c
		_main          		CODE           	7018	0000	36
		_control_LOW   		CODE           	744C	0000	492
		_control_HIGH  		CODE           	7638	0000	516
		_conv_AN0      		CODE           	703C	0000	50
		_equation_SENSOR		CODE           	706E	0000	124
		_config_IO     		CODE           	6FEE	0000	10
		_config_ADC    		CODE           	6FF8	0000	14
		_config_FOSC   		CODE           	6FE4	0000	10

Level_Control_main.c estimated size: 1252

C:\Program Files\Microchip\xc8\v2.32\pic\sources\c99\common\fleq.c
		___fleq        		CODE           	70EA	0000	170

C:\Program Files\Microchip\xc8\v2.32\pic\sources\c99\common\fleq.c estimated size: 170

shared
		__initialization		CODE           	7006	0000	12

shared estimated size: 12

C:\Program Files\Microchip\xc8\v2.32\pic\sources\c99\common\sprcmul.c
		___flmul       		CODE           	7BD6	0000	1066

C:\Program Files\Microchip\xc8\v2.32\pic\sources\c99\common\sprcmul.c estimated size: 1066

C:\Program Files\Microchip\xc8\v2.32\pic\sources\c99\common\sprcdiv.c
		___fldiv       		CODE           	783C	0000	922

C:\Program Files\Microchip\xc8\v2.32\pic\sources\c99\common\sprcdiv.c estimated size: 922

C:\Program Files\Microchip\xc8\v2.32\pic\sources\c99\common\xxtofl.c
		___xxtofl      		CODE           	7298	0000	436

C:\Program Files\Microchip\xc8\v2.32\pic\sources\c99\common\xxtofl.c estimated size: 436

C:\Program Files\Microchip\xc8\v2.32\pic\sources\c99\common\flge.c
		___flge        		CODE           	7194	0000	260

C:\Program Files\Microchip\xc8\v2.32\pic\sources\c99\common\flge.c estimated size: 260

